Starting CPD Track bot (Ctrl-C to stop)…
✨ Pixi task (start): python main.py
2026-08-10 12:03:54,338 - cpd.bot - INFO - Starting CPD Track bot (polling)…
2026-08-10 12:03:55,175 - httpx - INFO - HTTP Request: POST https://api.telegram.org/bot8681983900:AAFIJgd9hZ5wZjrThFEXeJWdNEKWwcLHTKI/getMe "HTTP/1.1 200 OK"
2026-08-10 12:03:55,374 - httpx - INFO - HTTP Request: POST https://api.telegram.org/bot8681983900:AAFIJgd9hZ5wZjrThFEXeJWdNEKWwcLHTKI/deleteWebhook "HTTP/1.1 200 OK"
2026-08-10 12:03:55,377 - telegram.ext.Application - INFO - Application started
2026-08-10 12:04:06,955 - httpx - INFO - HTTP Request: POST https://api.telegram.org/bot8681983900:AAFIJgd9hZ5wZjrThFEXeJWdNEKWwcLHTKI/getUpdates "HTTP/1.1 200 OK"
2026-08-10 12:04:17,252 - httpx - INFO - HTTP Request: POST https://api.telegram.org/bot8681983900:AAFIJgd9hZ5wZjrThFEXeJWdNEKWwcLHTKI/getUpdates "HTTP/1.1 200 OK"
2026-08-10 12:04:27,542 - httpx - INFO - HTTP Request: POST https://api.telegram.org/bot8681983900:AAFIJgd9hZ5wZjrThFEXeJWdNEKWwcLHTKI/getUpdates "HTTP/1.1 200 OK"
2026-08-10 12:04:37,753 - httpx - INFO - HTTP Request: POST https://api.telegram.org/bot8681983900:AAFIJgd9hZ5wZjrThFEXeJWdNEKWwcLHTKI/getUpdates "HTTP/1.1 200 OK"
2026-08-10 12:04:47,951 - httpx - INFO - HTTP Request: POST https://api.telegram.org/bot8681983900:AAFIJgd9hZ5wZjrThFEXeJWdNEKWwcLHTKI/getUpdates "HTTP/1.1 200 OK"
2026-08-10 12:04:57,795 - httpx - INFO - HTTP Request: POST https://api.telegram.org/bot8681983900:AAFIJgd9hZ5wZjrThFEXeJWdNEKWwcLHTKI/getUpdates "HTTP/1.1 200 OK"
2026-08-10 12:04:58,871 - httpx - INFO - HTTP Request: POST https://api.telegram.org/bot8681983900:AAFIJgd9hZ5wZjrThFEXeJWdNEKWwcLHTKI/sendMessage "HTTP/1.1 200 OK"
2026-08-10 12:05:08,203 - httpx - INFO - HTTP Request: POST https://api.telegram.org/bot8681983900:AAFIJgd9hZ5wZjrThFEXeJWdNEKWwcLHTKI/getUpdates "HTTP/1.1 200 OK"
2026-08-10 12:05:18,405 - httpx - INFO - HTTP Request: POST https://api.telegram.org/bot8681983900:AAFIJgd9hZ5wZjrThFEXeJWdNEKWwcLHTKI/getUpdates "HTTP/1.1 200 OK"
2026-08-10 12:05:28,612 - httpx - INFO - HTTP Request: POST https://api.telegram.org/bot8681983900:AAFIJgd9hZ5wZjrThFEXeJWdNEKWwcLHTKI/getUpdates "HTTP/1.1 200 OK"
2026-08-10 12:05:38,873 - httpx - INFO - HTTP Request: POST https://api.telegram.org/bot8681983900:AAFIJgd9hZ5wZjrThFEXeJWdNEKWwcLHTKI/getUpdates "HTTP/1.1 200 OK"
2026-08-10 12:05:49,155 - httpx - INFO - HTTP Request: POST https://api.telegram.org/bot8681983900:AAFIJgd9hZ5wZjrThFEXeJWdNEKWwcLHTKI/getUpdates "HTTP/1.1 200 OK"
2026-08-10 12:05:59,390 - httpx - INFO - HTTP Request: POST https://api.telegram.org/bot8681983900:AAFIJgd9hZ5wZjrThFEXeJWdNEKWwcLHTKI/getUpdates "HTTP/1.1 200 OK"
2026-08-10 12:06:09,639 - httpx - INFO - HTTP Request: POST https://api.telegram.org/bot8681983900:AAFIJgd9hZ5wZjrThFEXeJWdNEKWwcLHTKI/getUpdates "HTTP/1.1 200 OK"
2026-08-10 12:06:19,839 - httpx - INFO - HTTP Request: POST https://api.telegram.org/bot8681983900:AAFIJgd9hZ5wZjrThFEXeJWdNEKWwcLHTKI/getUpdates "HTTP/1.1 200 OK"
2026-08-10 12:06:30,040 - httpx - INFO - HTTP Request: POST https://api.telegram.org/bot8681983900:AAFIJgd9hZ5wZjrThFEXeJWdNEKWwcLHTKI/getUpdates "HTTP/1.1 200 OK"
2026-08-10 12:06:40,294 - httpx - INFO - HTTP Request: POST https://api.telegram.org/bot8681983900:AAFIJgd9hZ5wZjrThFEXeJWdNEKWwcLHTKI/getUpdates "HTTP/1.1 200 OK"
2026-08-10 12:06:50,502 - httpx - INFO - HTTP Request: POST https://api.telegram.org/bot8681983900:AAFIJgd9hZ5wZjrThFEXeJWdNEKWwcLHTKI/getUpdates "HTTP/1.1 200 OK"
2026-08-10 12:07:00,705 - httpx - INFO - HTTP Request: POST https://api.telegram.org/bot8681983900:AAFIJgd9hZ5wZjrThFEXeJWdNEKWwcLHTKI/getUpdates "HTTP/1.1 200 OK"
2026-08-10 12:07:11,000 - httpx - INFO - HTTP Request: POST https://api.telegram.org/bot8681983900:AAFIJgd9hZ5wZjrThFEXeJWdNEKWwcLHTKI/getUpdates "HTTP/1.1 200 OK"
2026-08-10 12:07:12,029 - httpx - INFO - HTTP Request: POST https://api.telegram.org/bot8681983900:AAFIJgd9hZ5wZjrThFEXeJWdNEKWwcLHTKI/getUpdates "HTTP/1.1 200 OK"
2026-08-10 12:07:12,843 - httpx - INFO - HTTP Request: POST https://api.telegram.org/bot8681983900:AAFIJgd9hZ5wZjrThFEXeJWdNEKWwcLHTKI/answerCallbackQuery "HTTP/1.1 200 OK"
2026-08-10 12:07:13,288 - httpx - INFO - HTTP Request: POST https://api.telegram.org/bot8681983900:AAFIJgd9hZ5wZjrThFEXeJWdNEKWwcLHTKI/editMessageText "HTTP/1.1 200 OK"
2026-08-10 12:07:22,230 - httpx - INFO - HTTP Request: POST https://api.telegram.org/bot8681983900:AAFIJgd9hZ5wZjrThFEXeJWdNEKWwcLHTKI/getUpdates "HTTP/1.1 200 OK"
2026-08-10 12:07:32,435 - httpx - INFO - HTTP Request: POST https://api.telegram.org/bot8681983900:AAFIJgd9hZ5wZjrThFEXeJWdNEKWwcLHTKI/getUpdates "HTTP/1.1 200 OK"
2026-08-10 12:07:42,640 - httpx - INFO - HTTP Request: POST https://api.telegram.org/bot8681983900:AAFIJgd9hZ5wZjrThFEXeJWdNEKWwcLHTKI/getUpdates "HTTP/1.1 200 OK"
2026-08-10 12:07:52,841 - httpx - INFO - HTTP Request: POST https://api.telegram.org/bot8681983900:AAFIJgd9hZ5wZjrThFEXeJWdNEKWwcLHTKI/getUpdates "HTTP/1.1 200 OK"
2026-08-10 12:08:03,045 - httpx - INFO - HTTP Request: POST https://api.telegram.org/bot8681983900:AAFIJgd9hZ5wZjrThFEXeJWdNEKWwcLHTKI/getUpdates "HTTP/1.1 200 OK"
2026-08-10 12:08:13,247 - httpx - INFO - HTTP Request: POST https://api.telegram.org/bot8681983900:AAFIJgd9hZ5wZjrThFEXeJWdNEKWwcLHTKI/getUpdates "HTTP/1.1 200 OK"
2026-08-10 12:08:23,496 - httpx - INFO - HTTP Request: POST https://api.telegram.org/bot8681983900:AAFIJgd9hZ5wZjrThFEXeJWdNEKWwcLHTKI/getUpdates "HTTP/1.1 200 OK"
2026-08-10 12:08:33,792 - httpx - INFO - HTTP Request: POST https://api.telegram.org/bot8681983900:AAFIJgd9hZ5wZjrThFEXeJWdNEKWwcLHTKI/getUpdates "HTTP/1.1 200 OK"
2026-08-10 12:08:43,992 - httpx - INFO - HTTP Request: POST https://api.telegram.org/bot8681983900:AAFIJgd9hZ5wZjrThFEXeJWdNEKWwcLHTKI/getUpdates "HTTP/1.1 200 OK"
2026-08-10 12:08:54,267 - httpx - INFO - HTTP Request: POST https://api.telegram.org/bot8681983900:AAFIJgd9hZ5wZjrThFEXeJWdNEKWwcLHTKI/getUpdates "HTTP/1.1 200 OK"
2026-08-10 12:09:04,475 - httpx - INFO - HTTP Request: POST https://api.telegram.org/bot8681983900:AAFIJgd9hZ5wZjrThFEXeJWdNEKWwcLHTKI/getUpdates "HTTP/1.1 200 OK"
2026-08-10 12:09:14,693 - httpx - INFO - HTTP Request: POST https://api.telegram.org/bot8681983900:AAFIJgd9hZ5wZjrThFEXeJWdNEKWwcLHTKI/getUpdates "HTTP/1.1 200 OK"
2026-08-10 12:09:24,928 - httpx - INFO - HTTP Request: POST https://api.telegram.org/bot8681983900:AAFIJgd9hZ5wZjrThFEXeJWdNEKWwcLHTKI/getUpdates "HTTP/1.1 200 OK"
2026-08-10 12:09:35,134 - httpx - INFO - HTTP Request: POST https://api.telegram.org/bot8681983900:AAFIJgd9hZ5wZjrThFEXeJWdNEKWwcLHTKI/getUpdates "HTTP/1.1 200 OK"
2026-08-10 12:09:45,451 - httpx - INFO - HTTP Request: POST https://api.telegram.org/bot8681983900:AAFIJgd9hZ5wZjrThFEXeJWdNEKWwcLHTKI/getUpdates "HTTP/1.1 200 OK"
2026-08-10 12:09:55,658 - httpx - INFO - HTTP Request: POST https://api.telegram.org/bot8681983900:AAFIJgd9hZ5wZjrThFEXeJWdNEKWwcLHTKI/getUpdates "HTTP/1.1 200 OK"
2026-08-10 12:10:05,952 - httpx - INFO - HTTP Request: POST https://api.telegram.org/bot8681983900:AAFIJgd9hZ5wZjrThFEXeJWdNEKWwcLHTKI/getUpdates "HTTP/1.1 200 OK"
2026-08-10 12:10:16,163 - httpx - INFO - HTTP Request: POST https://api.telegram.org/bot8681983900:AAFIJgd9hZ5wZjrThFEXeJWdNEKWwcLHTKI/getUpdates "HTTP/1.1 200 OK"
2026-08-10 12:10:26,380 - httpx - INFO - HTTP Request: POST https://api.telegram.org/bot8681983900:AAFIJgd9hZ5wZjrThFEXeJWdNEKWwcLHTKI/getUpdates "HTTP/1.1 200 OK"
2026-08-10 12:10:36,589 - httpx - INFO - HTTP Request: POST https://api.telegram.org/bot8681983900:AAFIJgd9hZ5wZjrThFEXeJWdNEKWwcLHTKI/getUpdates "HTTP/1.1 200 OK"
2026-08-10 12:10:46,791 - httpx - INFO - HTTP Request: POST https://api.telegram.org/bot8681983900:AAFIJgd9hZ5wZjrThFEXeJWdNEKWwcLHTKI/getUpdates "HTTP/1.1 200 OK"
2026-08-10 12:10:56,996 - httpx - INFO - HTTP Request: POST https://api.telegram.org/bot8681983900:AAFIJgd9hZ5wZjrThFEXeJWdNEKWwcLHTKI/getUpdates "HTTP/1.1 200 OK"
2026-08-10 12:11:07,234 - httpx - INFO - HTTP Request: POST https://api.telegram.org/bot8681983900:AAFIJgd9hZ5wZjrThFEXeJWdNEKWwcLHTKI/getUpdates "HTTP/1.1 200 OK"
2026-08-10 12:11:17,444 - httpx - INFO - HTTP Request: POST https://api.telegram.org/bot8681983900:AAFIJgd9hZ5wZjrThFEXeJWdNEKWwcLHTKI/getUpdates "HTTP/1.1 200 OK"
2026-08-10 12:11:27,664 - httpx - INFO - HTTP Request: POST https://api.telegram.org/bot8681983900:AAFIJgd9hZ5wZjrThFEXeJWdNEKWwcLHTKI/getUpdates "HTTP/1.1 200 OK"
2026-08-10 12:11:37,951 - httpx - INFO - HTTP Request: POST https://api.telegram.org/bot8681983900:AAFIJgd9hZ5wZjrThFEXeJWdNEKWwcLHTKI/getUpdates "HTTP/1.1 200 OK"
2026-08-10 12:11:48,245 - httpx - INFO - HTTP Request: POST https://api.telegram.org/bot8681983900:AAFIJgd9hZ5wZjrThFEXeJWdNEKWwcLHTKI/getUpdates "HTTP/1.1 200 OK"
2026-08-10 12:11:58,533 - httpx - INFO - HTTP Request: POST https://api.telegram.org/bot8681983900:AAFIJgd9hZ5wZjrThFEXeJWdNEKWwcLHTKI/getUpdates "HTTP/1.1 200 OK"
2026-08-10 12:12:08,735 - httpx - INFO - HTTP Request: POST https://api.telegram.org/bot8681983900:AAFIJgd9hZ5wZjrThFEXeJWdNEKWwcLHTKI/getUpdates "HTTP/1.1 200 OK"
2026-08-10 12:12:18,944 - httpx - INFO - HTTP Request: POST https://api.telegram.org/bot8681983900:AAFIJgd9hZ5wZjrThFEXeJWdNEKWwcLHTKI/getUpdates "HTTP/1.1 200 OK"
2026-08-10 12:12:29,147 - httpx - INFO - HTTP Request: POST https://api.telegram.org/bot8681983900:AAFIJgd9hZ5wZjrThFEXeJWdNEKWwcLHTKI/getUpdates "HTTP/1.1 200 OK"
2026-08-10 12:12:39,389 - httpx - INFO - HTTP Request: POST https://api.telegram.org/bot8681983900:AAFIJgd9hZ5wZjrThFEXeJWdNEKWwcLHTKI/getUpdates "HTTP/1.1 200 OK"
2026-08-10 12:12:48,784 - httpx - INFO - HTTP Request: POST https://api.telegram.org/bot8681983900:AAFIJgd9hZ5wZjrThFEXeJWdNEKWwcLHTKI/getUpdates "HTTP/1.1 200 OK"
2026-08-10 12:12:49,631 - httpx - INFO - HTTP Request: POST https://api.telegram.org/bot8681983900:AAFIJgd9hZ5wZjrThFEXeJWdNEKWwcLHTKI/sendMessage "HTTP/1.1 200 OK"
2026-08-10 12:12:59,047 - httpx - INFO - HTTP Request: POST https://api.telegram.org/bot8681983900:AAFIJgd9hZ5wZjrThFEXeJWdNEKWwcLHTKI/getUpdates "HTTP/1.1 200 OK"
2026-08-10 12:13:09,325 - httpx - INFO - HTTP Request: POST https://api.telegram.org/bot8681983900:AAFIJgd9hZ5wZjrThFEXeJWdNEKWwcLHTKI/getUpdates "HTTP/1.1 200 OK"
2026-08-10 12:13:19,544 - httpx - INFO - HTTP Request: POST https://api.telegram.org/bot8681983900:AAFIJgd9hZ5wZjrThFEXeJWdNEKWwcLHTKI/getUpdates "HTTP/1.1 200 OK"
2026-08-10 12:13:29,769 - httpx - INFO - HTTP Request: POST https://api.telegram.org/bot8681983900:AAFIJgd9hZ5wZjrThFEXeJWdNEKWwcLHTKI/getUpdates "HTTP/1.1 200 OK"
2026-08-10 12:13:39,970 - httpx - INFO - HTTP Request: POST https://api.telegram.org/bot8681983900:AAFIJgd9hZ5wZjrThFEXeJWdNEKWwcLHTKI/getUpdates "HTTP/1.1 200 OK"
2026-08-10 12:13:41,988 - httpx - INFO - HTTP Request: POST https://api.telegram.org/bot8681983900:AAFIJgd9hZ5wZjrThFEXeJWdNEKWwcLHTKI/getUpdates "HTTP/1.1 200 OK"
2026-08-10 12:13:42,800 - httpx - INFO - HTTP Request: POST https://api.telegram.org/bot8681983900:AAFIJgd9hZ5wZjrThFEXeJWdNEKWwcLHTKI/sendMessage "HTTP/1.1 200 OK"
2026-08-10 12:13:52,247 - httpx - INFO - HTTP Request: POST https://api.telegram.org/bot8681983900:AAFIJgd9hZ5wZjrThFEXeJWdNEKWwcLHTKI/getUpdates "HTTP/1.1 200 OK"
2026-08-10 12:13:57,234 - httpx - INFO - HTTP Request: POST https://api.telegram.org/bot8681983900:AAFIJgd9hZ5wZjrThFEXeJWdNEKWwcLHTKI/getUpdates "HTTP/1.1 200 OK"
2026-08-10 12:13:58,029 - httpx - INFO - HTTP Request: POST https://api.telegram.org/bot8681983900:AAFIJgd9hZ5wZjrThFEXeJWdNEKWwcLHTKI/sendMessage "HTTP/1.1 200 OK"
2026-08-10 12:14:07,439 - httpx - INFO - HTTP Request: POST https://api.telegram.org/bot8681983900:AAFIJgd9hZ5wZjrThFEXeJWdNEKWwcLHTKI/getUpdates "HTTP/1.1 200 OK"
2026-08-10 12:14:17,688 - httpx - INFO - HTTP Request: POST https://api.telegram.org/bot8681983900:AAFIJgd9hZ5wZjrThFEXeJWdNEKWwcLHTKI/getUpdates "HTTP/1.1 200 OK"
2026-08-10 12:14:27,978 - httpx - INFO - HTTP Request: POST https://api.telegram.org/bot8681983900:AAFIJgd9hZ5wZjrThFEXeJWdNEKWwcLHTKI/getUpdates "HTTP/1.1 200 OK"
2026-08-10 12:14:30,420 - httpx - INFO - HTTP Request: POST https://api.telegram.org/bot8681983900:AAFIJgd9hZ5wZjrThFEXeJWdNEKWwcLHTKI/getUpdates "HTTP/1.1 200 OK"
2026-08-10 12:14:31,235 - httpx - INFO - HTTP Request: POST https://api.telegram.org/bot8681983900:AAFIJgd9hZ5wZjrThFEXeJWdNEKWwcLHTKI/sendMessage "HTTP/1.1 200 OK"
2026-08-10 12:14:40,645 - httpx - INFO - HTTP Request: POST https://api.telegram.org/bot8681983900:AAFIJgd9hZ5wZjrThFEXeJWdNEKWwcLHTKI/getUpdates "HTTP/1.1 200 OK"
2026-08-10 12:14:50,888 - httpx - INFO - HTTP Request: POST https://api.telegram.org/bot8681983900:AAFIJgd9hZ5wZjrThFEXeJWdNEKWwcLHTKI/getUpdates "HTTP/1.1 200 OK"
2026-08-10 12:15:01,101 - httpx - INFO - HTTP Request: POST https://api.telegram.org/bot8681983900:AAFIJgd9hZ5wZjrThFEXeJWdNEKWwcLHTKI/getUpdates "HTTP/1.1 200 OK"
2026-08-10 12:15:11,325 - httpx - INFO - HTTP Request: POST https://api.telegram.org/bot8681983900:AAFIJgd9hZ5wZjrThFEXeJWdNEKWwcLHTKI/getUpdates "HTTP/1.1 200 OK"
2026-08-10 12:15:21,538 - httpx - INFO - HTTP Request: POST https://api.telegram.org/bot8681983900:AAFIJgd9hZ5wZjrThFEXeJWdNEKWwcLHTKI/getUpdates "HTTP/1.1 200 OK"
2026-08-10 12:15:31,745 - httpx - INFO - HTTP Request: POST https://api.telegram.org/bot8681983900:AAFIJgd9hZ5wZjrThFEXeJWdNEKWwcLHTKI/getUpdates "HTTP/1.1 200 OK"
2026-08-10 12:15:41,945 - httpx - INFO - HTTP Request: POST https://api.telegram.org/bot8681983900:AAFIJgd9hZ5wZjrThFEXeJWdNEKWwcLHTKI/getUpdates "HTTP/1.1 200 OK"
2026-08-10 12:15:52,146 - httpx - INFO - HTTP Request: POST https://api.telegram.org/bot8681983900:AAFIJgd9hZ5wZjrThFEXeJWdNEKWwcLHTKI/getUpdates "HTTP/1.1 200 OK"
2026-08-10 12:16:02,354 - httpx - INFO - HTTP Request: POST https://api.telegram.org/bot8681983900:AAFIJgd9hZ5wZjrThFEXeJWdNEKWwcLHTKI/getUpdates "HTTP/1.1 200 OK"
2026-08-10 12:16:12,602 - httpx - INFO - HTTP Request: POST https://api.telegram.org/bot8681983900:AAFIJgd9hZ5wZjrThFEXeJWdNEKWwcLHTKI/getUpdates "HTTP/1.1 200 OK"
2026-08-10 12:16:22,875 - httpx - INFO - HTTP Request: POST https://api.telegram.org/bot8681983900:AAFIJgd9hZ5wZjrThFEXeJWdNEKWwcLHTKI/getUpdates "HTTP/1.1 200 OK"
2026-08-10 12:16:33,081 - httpx - INFO - HTTP Request: POST https://api.telegram.org/bot8681983900:AAFIJgd9hZ5wZjrThFEXeJWdNEKWwcLHTKI/getUpdates "HTTP/1.1 200 OK"
2026-08-10 12:16:43,284 - httpx - INFO - HTTP Request: POST https://api.telegram.org/bot8681983900:AAFIJgd9hZ5wZjrThFEXeJWdNEKWwcLHTKI/getUpdates "HTTP/1.1 200 OK"
2026-08-10 12:16:53,530 - httpx - INFO - HTTP Request: POST https://api.telegram.org/bot8681983900:AAFIJgd9hZ5wZjrThFEXeJWdNEKWwcLHTKI/getUpdates "HTTP/1.1 200 OK"
2026-08-10 12:17:03,734 - httpx - INFO - HTTP Request: POST https://api.telegram.org/bot8681983900:AAFIJgd9hZ5wZjrThFEXeJWdNEKWwcLHTKI/getUpdates "HTTP/1.1 200 OK"
2026-08-10 12:17:13,939 - httpx - INFO - HTTP Request: POST https://api.telegram.org/bot8681983900:AAFIJgd9hZ5wZjrThFEXeJWdNEKWwcLHTKI/getUpdates "HTTP/1.1 200 OK"
2026-08-10 12:17:24,141 - httpx - INFO - HTTP Request: POST https://api.telegram.org/bot8681983900:AAFIJgd9hZ5wZjrThFEXeJWdNEKWwcLHTKI/getUpdates "HTTP/1.1 200 OK"
2026-08-10 12:17:34,387 - httpx - INFO - HTTP Request: POST https://api.telegram.org/bot8681983900:AAFIJgd9hZ5wZjrThFEXeJWdNEKWwcLHTKI/getUpdates "HTTP/1.1 200 OK"
2026-08-10 12:17:44,585 - httpx - INFO - HTTP Request: POST https://api.telegram.org/bot8681983900:AAFIJgd9hZ5wZjrThFEXeJWdNEKWwcLHTKI/getUpdates "HTTP/1.1 200 OK"
2026-08-10 12:17:54,818 - httpx - INFO - HTTP Request: POST https://api.telegram.org/bot8681983900:AAFIJgd9hZ5wZjrThFEXeJWdNEKWwcLHTKI/getUpdates "HTTP/1.1 200 OK"
2026-08-10 12:18:05,029 - httpx - INFO - HTTP Request: POST https://api.telegram.org/bot8681983900:AAFIJgd9hZ5wZjrThFEXeJWdNEKWwcLHTKI/getUpdates "HTTP/1.1 200 OK"
2026-08-10 12:18:15,242 - httpx - INFO - HTTP Request: POST https://api.telegram.org/bot8681983900:AAFIJgd9hZ5wZjrThFEXeJWdNEKWwcLHTKI/getUpdates "HTTP/1.1 200 OK"
2026-08-10 12:18:25,445 - httpx - INFO - HTTP Request: POST https://api.telegram.org/bot8681983900:AAFIJgd9hZ5wZjrThFEXeJWdNEKWwcLHTKI/getUpdates "HTTP/1.1 200 OK"
2026-08-10 12:18:35,675 - httpx - INFO - HTTP Request: POST https://api.telegram.org/bot8681983900:AAFIJgd9hZ5wZjrThFEXeJWdNEKWwcLHTKI/getUpdates "HTTP/1.1 200 OK"
2026-08-10 12:18:45,884 - httpx - INFO - HTTP Request: POST https://api.telegram.org/bot8681983900:AAFIJgd9hZ5wZjrThFEXeJWdNEKWwcLHTKI/getUpdates "HTTP/1.1 200 OK"
2026-08-10 12:18:56,098 - httpx - INFO - HTTP Request: POST https://api.telegram.org/bot8681983900:AAFIJgd9hZ5wZjrThFEXeJWdNEKWwcLHTKI/getUpdates "HTTP/1.1 200 OK"
2026-08-10 12:19:06,304 - httpx - INFO - HTTP Request: POST https://api.telegram.org/bot8681983900:AAFIJgd9hZ5wZjrThFEXeJWdNEKWwcLHTKI/getUpdates "HTTP/1.1 200 OK"
2026-08-10 12:19:16,506 - httpx - INFO - HTTP Request: POST https://api.telegram.org/bot8681983900:AAFIJgd9hZ5wZjrThFEXeJWdNEKWwcLHTKI/getUpdates "HTTP/1.1 200 OK"
2026-08-10 12:19:26,819 - httpx - INFO - HTTP Request: POST https://api.telegram.org/bot8681983900:AAFIJgd9hZ5wZjrThFEXeJWdNEKWwcLHTKI/getUpdates "HTTP/1.1 200 OK"
2026-08-10 12:19:37,022 - httpx - INFO - HTTP Request: POST https://api.telegram.org/bot8681983900:AAFIJgd9hZ5wZjrThFEXeJWdNEKWwcLHTKI/getUpdates "HTTP/1.1 200 OK"
2026-08-10 12:19:47,224 - httpx - INFO - HTTP Request: POST https://api.telegram.org/bot8681983900:AAFIJgd9hZ5wZjrThFEXeJWdNEKWwcLHTKI/getUpdates "HTTP/1.1 200 OK"
2026-08-10 12:19:57,431 - httpx - INFO - HTTP Request: POST https://api.telegram.org/bot8681983900:AAFIJgd9hZ5wZjrThFEXeJWdNEKWwcLHTKI/getUpdates "HTTP/1.1 200 OK"
2026-08-10 12:20:07,675 - httpx - INFO - HTTP Request: POST https://api.telegram.org/bot8681983900:AAFIJgd9hZ5wZjrThFEXeJWdNEKWwcLHTKI/getUpdates "HTTP/1.1 200 OK"
2026-08-10 12:20:17,874 - httpx - INFO - HTTP Request: POST https://api.telegram.org/bot8681983900:AAFIJgd9hZ5wZjrThFEXeJWdNEKWwcLHTKI/getUpdates "HTTP/1.1 200 OK"
2026-08-10 12:20:28,083 - httpx - INFO - HTTP Request: POST https://api.telegram.org/bot8681983900:AAFIJgd9hZ5wZjrThFEXeJWdNEKWwcLHTKI/getUpdates "HTTP/1.1 200 OK"
2026-08-10 12:20:38,285 - httpx - INFO - HTTP Request: POST https://api.telegram.org/bot8681983900:AAFIJgd9hZ5wZjrThFEXeJWdNEKWwcLHTKI/getUpdates "HTTP/1.1 200 OK"
2026-08-10 12:20:48,532 - httpx - INFO - HTTP Request: POST https://api.telegram.org/bot8681983900:AAFIJgd9hZ5wZjrThFEXeJWdNEKWwcLHTKI/getUpdates "HTTP/1.1 200 OK"
2026-08-10 12:20:58,736 - httpx - INFO - HTTP Request: POST https://api.telegram.org/bot8681983900:AAFIJgd9hZ5wZjrThFEXeJWdNEKWwcLHTKI/getUpdates "HTTP/1.1 200 OK"
2026-08-10 12:21:08,943 - httpx - INFO - HTTP Request: POST https://api.telegram.org/bot8681983900:AAFIJgd9hZ5wZjrThFEXeJWdNEKWwcLHTKI/getUpdates "HTTP/1.1 200 OK"
2026-08-10 12:21:19,319 - httpx - INFO - HTTP Request: POST https://api.telegram.org/bot8681983900:AAFIJgd9hZ5wZjrThFEXeJWdNEKWwcLHTKI/getUpdates "HTTP/1.1 200 OK"
2026-08-10 12:21:29,614 - httpx - INFO - HTTP Request: POST https://api.telegram.org/bot8681983900:AAFIJgd9hZ5wZjrThFEXeJWdNEKWwcLHTKI/getUpdates "HTTP/1.1 200 OK"
2026-08-10 12:21:39,818 - httpx - INFO - HTTP Request: POST https://api.telegram.org/bot8681983900:AAFIJgd9hZ5wZjrThFEXeJWdNEKWwcLHTKI/getUpdates "HTTP/1.1 200 OK"
2026-08-10 12:21:50,035 - httpx - INFO - HTTP Request: POST https://api.telegram.org/bot8681983900:AAFIJgd9hZ5wZjrThFEXeJWdNEKWwcLHTKI/getUpdates "HTTP/1.1 200 OK"
2026-08-10 12:22:00,242 - httpx - INFO - HTTP Request: POST https://api.telegram.org/bot8681983900:AAFIJgd9hZ5wZjrThFEXeJWdNEKWwcLHTKI/getUpdates "HTTP/1.1 200 OK"
2026-08-10 12:22:10,451 - httpx - INFO - HTTP Request: POST https://api.telegram.org/bot8681983900:AAFIJgd9hZ5wZjrThFEXeJWdNEKWwcLHTKI/getUpdates "HTTP/1.1 200 OK"
2026-08-10 12:22:20,795 - httpx - INFO - HTTP Request: POST https://api.telegram.org/bot8681983900:AAFIJgd9hZ5wZjrThFEXeJWdNEKWwcLHTKI/getUpdates "HTTP/1.1 200 OK"
2026-08-10 12:22:31,036 - httpx - INFO - HTTP Request: POST https://api.telegram.org/bot8681983900:AAFIJgd9hZ5wZjrThFEXeJWdNEKWwcLHTKI/getUpdates "HTTP/1.1 200 OK"
2026-08-10 12:22:41,241 - httpx - INFO - HTTP Request: POST https://api.telegram.org/bot8681983900:AAFIJgd9hZ5wZjrThFEXeJWdNEKWwcLHTKI/getUpdates "HTTP/1.1 200 OK"
2026-08-10 12:22:51,515 - httpx - INFO - HTTP Request: POST https://api.telegram.org/bot8681983900:AAFIJgd9hZ5wZjrThFEXeJWdNEKWwcLHTKI/getUpdates "HTTP/1.1 200 OK"
2026-08-10 12:23:01,717 - httpx - INFO - HTTP Request: POST https://api.telegram.org/bot8681983900:AAFIJgd9hZ5wZjrThFEXeJWdNEKWwcLHTKI/getUpdates "HTTP/1.1 200 OK"
2026-08-10 12:23:11,925 - httpx - INFO - HTTP Request: POST https://api.telegram.org/bot8681983900:AAFIJgd9hZ5wZjrThFEXeJWdNEKWwcLHTKI/getUpdates "HTTP/1.1 200 OK"
2026-08-10 12:23:22,159 - httpx - INFO - HTTP Request: POST https://api.telegram.org/bot8681983900:AAFIJgd9hZ5wZjrThFEXeJWdNEKWwcLHTKI/getUpdates "HTTP/1.1 200 OK"
2026-08-10 12:23:32,361 - httpx - INFO - HTTP Request: POST https://api.telegram.org/bot8681983900:AAFIJgd9hZ5wZjrThFEXeJWdNEKWwcLHTKI/getUpdates "HTTP/1.1 200 OK"
2026-08-10 12:23:42,562 - httpx - INFO - HTTP Request: POST https://api.telegram.org/bot8681983900:AAFIJgd9hZ5wZjrThFEXeJWdNEKWwcLHTKI/getUpdates "HTTP/1.1 200 OK"
2026-08-10 12:23:52,879 - httpx - INFO - HTTP Request: POST https://api.telegram.org/bot8681983900:AAFIJgd9hZ5wZjrThFEXeJWdNEKWwcLHTKI/getUpdates "HTTP/1.1 200 OK"
2026-08-10 12:24:03,094 - httpx - INFO - HTTP Request: POST https://api.telegram.org/bot8681983900:AAFIJgd9hZ5wZjrThFEXeJWdNEKWwcLHTKI/getUpdates "HTTP/1.1 200 OK"
2026-08-10 12:24:13,454 - httpx - INFO - HTTP Request: POST https://api.telegram.org/bot8681983900:AAFIJgd9hZ5wZjrThFEXeJWdNEKWwcLHTKI/getUpdates "HTTP/1.1 200 OK"
2026-08-10 12:24:23,689 - httpx - INFO - HTTP Request: POST https://api.telegram.org/bot8681983900:AAFIJgd9hZ5wZjrThFEXeJWdNEKWwcLHTKI/getUpdates "HTTP/1.1 200 OK"
2026-08-10 12:24:33,898 - httpx - INFO - HTTP Request: POST https://api.telegram.org/bot8681983900:AAFIJgd9hZ5wZjrThFEXeJWdNEKWwcLHTKI/getUpdates "HTTP/1.1 200 OK"
2026-08-10 12:24:44,102 - httpx - INFO - HTTP Request: POST https://api.telegram.org/bot8681983900:AAFIJgd9hZ5wZjrThFEXeJWdNEKWwcLHTKI/getUpdates "HTTP/1.1 200 OK"
2026-08-10 12:24:54,307 - httpx - INFO - HTTP Request: POST https://api.telegram.org/bot8681983900:AAFIJgd9hZ5wZjrThFEXeJWdNEKWwcLHTKI/getUpdates "HTTP/1.1 200 OK"
2026-08-10 12:25:04,533 - httpx - INFO - HTTP Request: POST https://api.telegram.org/bot8681983900:AAFIJgd9hZ5wZjrThFEXeJWdNEKWwcLHTKI/getUpdates "HTTP/1.1 200 OK"
2026-08-10 12:25:14,738 - httpx - INFO - HTTP Request: POST https://api.telegram.org/bot8681983900:AAFIJgd9hZ5wZjrThFEXeJWdNEKWwcLHTKI/getUpdates "HTTP/1.1 200 OK"
2026-08-10 12:25:24,959 - httpx - INFO - HTTP Request: POST https://api.telegram.org/bot8681983900:AAFIJgd9hZ5wZjrThFEXeJWdNEKWwcLHTKI/getUpdates "HTTP/1.1 200 OK"
2026-08-10 12:25:35,177 - httpx - INFO - HTTP Request: POST https://api.telegram.org/bot8681983900:AAFIJgd9hZ5wZjrThFEXeJWdNEKWwcLHTKI/getUpdates "HTTP/1.1 200 OK"
2026-08-10 12:25:45,381 - httpx - INFO - HTTP Request: POST https://api.telegram.org/bot8681983900:AAFIJgd9hZ5wZjrThFEXeJWdNEKWwcLHTKI/getUpdates "HTTP/1.1 200 OK"
2026-08-10 12:25:55,620 - httpx - INFO - HTTP Request: POST https://api.telegram.org/bot8681983900:AAFIJgd9hZ5wZjrThFEXeJWdNEKWwcLHTKI/getUpdates "HTTP/1.1 200 OK"
2026-08-10 12:26:05,896 - httpx - INFO - HTTP Request: POST https://api.telegram.org/bot8681983900:AAFIJgd9hZ5wZjrThFEXeJWdNEKWwcLHTKI/getUpdates "HTTP/1.1 200 OK"
2026-08-10 12:26:16,099 - httpx - INFO - HTTP Request: POST https://api.telegram.org/bot8681983900:AAFIJgd9hZ5wZjrThFEXeJWdNEKWwcLHTKI/getUpdates "HTTP/1.1 200 OK"
2026-08-10 12:26:26,300 - httpx - INFO - HTTP Request: POST https://api.telegram.org/bot8681983900:AAFIJgd9hZ5wZjrThFEXeJWdNEKWwcLHTKI/getUpdates "HTTP/1.1 200 OK"
2026-08-10 12:26:36,506 - httpx - INFO - HTTP Request: POST https://api.telegram.org/bot8681983900:AAFIJgd9hZ5wZjrThFEXeJWdNEKWwcLHTKI/getUpdates "HTTP/1.1 200 OK"
2026-08-10 12:26:46,714 - httpx - INFO - HTTP Request: POST https://api.telegram.org/bot8681983900:AAFIJgd9hZ5wZjrThFEXeJWdNEKWwcLHTKI/getUpdates "HTTP/1.1 200 OK"
2026-08-10 12:26:56,916 - httpx - INFO - HTTP Request: POST https://api.telegram.org/bot8681983900:AAFIJgd9hZ5wZjrThFEXeJWdNEKWwcLHTKI/getUpdates "HTTP/1.1 200 OK"
2026-08-10 12:27:07,130 - httpx - INFO - HTTP Request: POST https://api.telegram.org/bot8681983900:AAFIJgd9hZ5wZjrThFEXeJWdNEKWwcLHTKI/getUpdates "HTTP/1.1 200 OK"
2026-08-10 12:27:17,330 - httpx - INFO - HTTP Request: POST https://api.telegram.org/bot8681983900:AAFIJgd9hZ5wZjrThFEXeJWdNEKWwcLHTKI/getUpdates "HTTP/1.1 200 OK"
2026-08-10 12:27:27,530 - httpx - INFO - HTTP Request: POST https://api.telegram.org/bot8681983900:AAFIJgd9hZ5wZjrThFEXeJWdNEKWwcLHTKI/getUpdates "HTTP/1.1 200 OK"
2026-08-10 12:27:37,738 - httpx - INFO - HTTP Request: POST https://api.telegram.org/bot8681983900:AAFIJgd9hZ5wZjrThFEXeJWdNEKWwcLHTKI/getUpdates "HTTP/1.1 200 OK"
2026-08-10 12:27:47,938 - httpx - INFO - HTTP Request: POST https://api.telegram.org/bot8681983900:AAFIJgd9hZ5wZjrThFEXeJWdNEKWwcLHTKI/getUpdates "HTTP/1.1 200 OK"
2026-08-10 12:27:58,140 - httpx - INFO - HTTP Request: POST https://api.telegram.org/bot8681983900:AAFIJgd9hZ5wZjrThFEXeJWdNEKWwcLHTKI/getUpdates "HTTP/1.1 200 OK"
2026-08-10 12:28:08,389 - httpx - INFO - HTTP Request: POST https://api.telegram.org/bot8681983900:AAFIJgd9hZ5wZjrThFEXeJWdNEKWwcLHTKI/getUpdates "HTTP/1.1 200 OK"
2026-08-10 12:28:18,594 - httpx - INFO - HTTP Request: POST https://api.telegram.org/bot8681983900:AAFIJgd9hZ5wZjrThFEXeJWdNEKWwcLHTKI/getUpdates "HTTP/1.1 200 OK"
2026-08-10 12:28:28,806 - httpx - INFO - HTTP Request: POST https://api.telegram.org/bot8681983900:AAFIJgd9hZ5wZjrThFEXeJWdNEKWwcLHTKI/getUpdates "HTTP/1.1 200 OK"
2026-08-10 12:28:39,014 - httpx - INFO - HTTP Request: POST https://api.telegram.org/bot8681983900:AAFIJgd9hZ5wZjrThFEXeJWdNEKWwcLHTKI/getUpdates "HTTP/1.1 200 OK"
2026-08-10 12:28:49,212 - httpx - INFO - HTTP Request: POST https://api.telegram.org/bot8681983900:AAFIJgd9hZ5wZjrThFEXeJWdNEKWwcLHTKI/getUpdates "HTTP/1.1 200 OK"
2026-08-10 12:28:59,416 - httpx - INFO - HTTP Request: POST https://api.telegram.org/bot8681983900:AAFIJgd9hZ5wZjrThFEXeJWdNEKWwcLHTKI/getUpdates "HTTP/1.1 200 OK"
2026-08-10 12:29:09,659 - httpx - INFO - HTTP Request: POST https://api.telegram.org/bot8681983900:AAFIJgd9hZ5wZjrThFEXeJWdNEKWwcLHTKI/getUpdates "HTTP/1.1 200 OK"
2026-08-10 12:29:19,862 - httpx - INFO - HTTP Request: POST https://api.telegram.org/bot8681983900:AAFIJgd9hZ5wZjrThFEXeJWdNEKWwcLHTKI/getUpdates "HTTP/1.1 200 OK"
2026-08-10 12:29:30,561 - httpx - INFO - HTTP Request: POST https://api.telegram.org/bot8681983900:AAFIJgd9hZ5wZjrThFEXeJWdNEKWwcLHTKI/getUpdates "HTTP/1.1 200 OK"
2026-08-10 12:29:40,788 - httpx - INFO - HTTP Request: POST https://api.telegram.org/bot8681983900:AAFIJgd9hZ5wZjrThFEXeJWdNEKWwcLHTKI/getUpdates "HTTP/1.1 200 OK"
2026-08-10 12:29:50,992 - httpx - INFO - HTTP Request: POST https://api.telegram.org/bot8681983900:AAFIJgd9hZ5wZjrThFEXeJWdNEKWwcLHTKI/getUpdates "HTTP/1.1 200 OK"
2026-08-10 12:30:01,200 - httpx - INFO - HTTP Request: POST https://api.telegram.org/bot8681983900:AAFIJgd9hZ5wZjrThFEXeJWdNEKWwcLHTKI/getUpdates "HTTP/1.1 200 OK"
2026-08-10 12:30:11,451 - httpx - INFO - HTTP Request: POST https://api.telegram.org/bot8681983900:AAFIJgd9hZ5wZjrThFEXeJWdNEKWwcLHTKI/getUpdates "HTTP/1.1 200 OK"
2026-08-10 12:30:21,652 - httpx - INFO - HTTP Request: POST https://api.telegram.org/bot8681983900:AAFIJgd9hZ5wZjrThFEXeJWdNEKWwcLHTKI/getUpdates "HTTP/1.1 200 OK"
2026-08-10 12:30:31,855 - httpx - INFO - HTTP Request: POST https://api.telegram.org/bot8681983900:AAFIJgd9hZ5wZjrThFEXeJWdNEKWwcLHTKI/getUpdates "HTTP/1.1 200 OK"
2026-08-10 12:30:42,056 - httpx - INFO - HTTP Request: POST https://api.telegram.org/bot8681983900:AAFIJgd9hZ5wZjrThFEXeJWdNEKWwcLHTKI/getUpdates "HTTP/1.1 200 OK"
2026-08-10 12:30:52,266 - httpx - INFO - HTTP Request: POST https://api.telegram.org/bot8681983900:AAFIJgd9hZ5wZjrThFEXeJWdNEKWwcLHTKI/getUpdates "HTTP/1.1 200 OK"
2026-08-10 12:31:02,470 - httpx - INFO - HTTP Request: POST https://api.telegram.org/bot8681983900:AAFIJgd9hZ5wZjrThFEXeJWdNEKWwcLHTKI/getUpdates "HTTP/1.1 200 OK"
2026-08-10 12:31:12,675 - httpx - INFO - HTTP Request: POST https://api.telegram.org/bot8681983900:AAFIJgd9hZ5wZjrThFEXeJWdNEKWwcLHTKI/getUpdates "HTTP/1.1 200 OK"
2026-08-10 12:31:22,719 - httpx - INFO - HTTP Request: POST https://api.telegram.org/bot8681983900:AAFIJgd9hZ5wZjrThFEXeJWdNEKWwcLHTKI/getUpdates "HTTP/1.1 200 OK"
2026-08-10 12:31:32,932 - httpx - INFO - HTTP Request: POST https://api.telegram.org/bot8681983900:AAFIJgd9hZ5wZjrThFEXeJWdNEKWwcLHTKI/getUpdates "HTTP/1.1 200 OK"
2026-08-10 12:31:43,141 - httpx - INFO - HTTP Request: POST https://api.telegram.org/bot8681983900:AAFIJgd9hZ5wZjrThFEXeJWdNEKWwcLHTKI/getUpdates "HTTP/1.1 200 OK"
2026-08-10 12:31:53,349 - httpx - INFO - HTTP Request: POST https://api.telegram.org/bot8681983900:AAFIJgd9hZ5wZjrThFEXeJWdNEKWwcLHTKI/getUpdates "HTTP/1.1 200 OK"
2026-08-10 12:32:03,552 - httpx - INFO - HTTP Request: POST https://api.telegram.org/bot8681983900:AAFIJgd9hZ5wZjrThFEXeJWdNEKWwcLHTKI/getUpdates "HTTP/1.1 200 OK"
2026-08-10 12:32:13,786 - httpx - INFO - HTTP Request: POST https://api.telegram.org/bot8681983900:AAFIJgd9hZ5wZjrThFEXeJWdNEKWwcLHTKI/getUpdates "HTTP/1.1 200 OK"
2026-08-10 12:32:23,989 - httpx - INFO - HTTP Request: POST https://api.telegram.org/bot8681983900:AAFIJgd9hZ5wZjrThFEXeJWdNEKWwcLHTKI/getUpdates "HTTP/1.1 200 OK"
2026-08-10 12:32:34,200 - httpx - INFO - HTTP Request: POST https://api.telegram.org/bot8681983900:AAFIJgd9hZ5wZjrThFEXeJWdNEKWwcLHTKI/getUpdates "HTTP/1.1 200 OK"
2026-08-10 12:32:44,407 - httpx - INFO - HTTP Request: POST https://api.telegram.org/bot8681983900:AAFIJgd9hZ5wZjrThFEXeJWdNEKWwcLHTKI/getUpdates "HTTP/1.1 200 OK"
2026-08-10 12:32:54,611 - httpx - INFO - HTTP Request: POST https://api.telegram.org/bot8681983900:AAFIJgd9hZ5wZjrThFEXeJWdNEKWwcLHTKI/getUpdates "HTTP/1.1 200 OK"
2026-08-10 12:33:04,817 - httpx - INFO - HTTP Request: POST https://api.telegram.org/bot8681983900:AAFIJgd9hZ5wZjrThFEXeJWdNEKWwcLHTKI/getUpdates "HTTP/1.1 200 OK"
2026-08-10 12:33:15,033 - httpx - INFO - HTTP Request: POST https://api.telegram.org/bot8681983900:AAFIJgd9hZ5wZjrThFEXeJWdNEKWwcLHTKI/getUpdates "HTTP/1.1 200 OK"
2026-08-10 12:33:25,244 - httpx - INFO - HTTP Request: POST https://api.telegram.org/bot8681983900:AAFIJgd9hZ5wZjrThFEXeJWdNEKWwcLHTKI/getUpdates "HTTP/1.1 200 OK"
2026-08-10 12:33:35,456 - httpx - INFO - HTTP Request: POST https://api.telegram.org/bot8681983900:AAFIJgd9hZ5wZjrThFEXeJWdNEKWwcLHTKI/getUpdates "HTTP/1.1 200 OK"
2026-08-10 12:33:45,661 - httpx - INFO - HTTP Request: POST https://api.telegram.org/bot8681983900:AAFIJgd9hZ5wZjrThFEXeJWdNEKWwcLHTKI/getUpdates "HTTP/1.1 200 OK"
2026-08-10 12:33:55,864 - httpx - INFO - HTTP Request: POST https://api.telegram.org/bot8681983900:AAFIJgd9hZ5wZjrThFEXeJWdNEKWwcLHTKI/getUpdates "HTTP/1.1 200 OK"
2026-08-10 12:34:06,068 - httpx - INFO - HTTP Request: POST https://api.telegram.org/bot8681983900:AAFIJgd9hZ5wZjrThFEXeJWdNEKWwcLHTKI/getUpdates "HTTP/1.1 200 OK"
2026-08-10 12:34:16,333 - httpx - INFO - HTTP Request: POST https://api.telegram.org/bot8681983900:AAFIJgd9hZ5wZjrThFEXeJWdNEKWwcLHTKI/getUpdates "HTTP/1.1 200 OK"
2026-08-10 12:34:26,755 - httpx - INFO - HTTP Request: POST https://api.telegram.org/bot8681983900:AAFIJgd9hZ5wZjrThFEXeJWdNEKWwcLHTKI/getUpdates "HTTP/1.1 200 OK"
2026-08-10 12:34:36,955 - httpx - INFO - HTTP Request: POST https://api.telegram.org/bot8681983900:AAFIJgd9hZ5wZjrThFEXeJWdNEKWwcLHTKI/getUpdates "HTTP/1.1 200 OK"
2026-08-10 12:34:47,182 - httpx - INFO - HTTP Request: POST https://api.telegram.org/bot8681983900:AAFIJgd9hZ5wZjrThFEXeJWdNEKWwcLHTKI/getUpdates "HTTP/1.1 200 OK"
2026-08-10 12:34:57,443 - httpx - INFO - HTTP Request: POST https://api.telegram.org/bot8681983900:AAFIJgd9hZ5wZjrThFEXeJWdNEKWwcLHTKI/getUpdates "HTTP/1.1 200 OK"
2026-08-10 12:35:07,650 - httpx - INFO - HTTP Request: POST https://api.telegram.org/bot8681983900:AAFIJgd9hZ5wZjrThFEXeJWdNEKWwcLHTKI/getUpdates "HTTP/1.1 200 OK"
2026-08-10 12:35:17,904 - httpx - INFO - HTTP Request: POST https://api.telegram.org/bot8681983900:AAFIJgd9hZ5wZjrThFEXeJWdNEKWwcLHTKI/getUpdates "HTTP/1.1 200 OK"
2026-08-10 12:35:28,123 - httpx - INFO - HTTP Request: POST https://api.telegram.org/bot8681983900:AAFIJgd9hZ5wZjrThFEXeJWdNEKWwcLHTKI/getUpdates "HTTP/1.1 200 OK"
2026-08-10 12:35:38,327 - httpx - INFO - HTTP Request: POST https://api.telegram.org/bot8681983900:AAFIJgd9hZ5wZjrThFEXeJWdNEKWwcLHTKI/getUpdates "HTTP/1.1 200 OK"
2026-08-10 12:35:48,530 - httpx - INFO - HTTP Request: POST https://api.telegram.org/bot8681983900:AAFIJgd9hZ5wZjrThFEXeJWdNEKWwcLHTKI/getUpdates "HTTP/1.1 200 OK"
2026-08-10 12:35:58,774 - httpx - INFO - HTTP Request: POST https://api.telegram.org/bot8681983900:AAFIJgd9hZ5wZjrThFEXeJWdNEKWwcLHTKI/getUpdates "HTTP/1.1 200 OK"
2026-08-10 12:36:09,146 - httpx - INFO - HTTP Request: POST https://api.telegram.org/bot8681983900:AAFIJgd9hZ5wZjrThFEXeJWdNEKWwcLHTKI/getUpdates "HTTP/1.1 200 OK"
2026-08-10 12:36:19,350 - httpx - INFO - HTTP Request: POST https://api.telegram.org/bot8681983900:AAFIJgd9hZ5wZjrThFEXeJWdNEKWwcLHTKI/getUpdates "HTTP/1.1 200 OK"
2026-08-10 12:36:29,644 - httpx - INFO - HTTP Request: POST https://api.telegram.org/bot8681983900:AAFIJgd9hZ5wZjrThFEXeJWdNEKWwcLHTKI/getUpdates "HTTP/1.1 200 OK"
2026-08-10 12:36:39,843 - httpx - INFO - HTTP Request: POST https://api.telegram.org/bot8681983900:AAFIJgd9hZ5wZjrThFEXeJWdNEKWwcLHTKI/getUpdates "HTTP/1.1 200 OK"
2026-08-10 12:36:50,175 - httpx - INFO - HTTP Request: POST https://api.telegram.org/bot8681983900:AAFIJgd9hZ5wZjrThFEXeJWdNEKWwcLHTKI/getUpdates "HTTP/1.1 200 OK"
2026-08-10 12:37:00,375 - httpx - INFO - HTTP Request: POST https://api.telegram.org/bot8681983900:AAFIJgd9hZ5wZjrThFEXeJWdNEKWwcLHTKI/getUpdates "HTTP/1.1 200 OK"
2026-08-10 12:37:10,603 - httpx - INFO - HTTP Request: POST https://api.telegram.org/bot8681983900:AAFIJgd9hZ5wZjrThFEXeJWdNEKWwcLHTKI/getUpdates "HTTP/1.1 200 OK"
2026-08-10 12:37:20,803 - httpx - INFO - HTTP Request: POST https://api.telegram.org/bot8681983900:AAFIJgd9hZ5wZjrThFEXeJWdNEKWwcLHTKI/getUpdates "HTTP/1.1 200 OK"
2026-08-10 12:37:31,026 - httpx - INFO - HTTP Request: POST https://api.telegram.org/bot8681983900:AAFIJgd9hZ5wZjrThFEXeJWdNEKWwcLHTKI/getUpdates "HTTP/1.1 200 OK"
2026-08-10 12:37:41,325 - httpx - INFO - HTTP Request: POST https://api.telegram.org/bot8681983900:AAFIJgd9hZ5wZjrThFEXeJWdNEKWwcLHTKI/getUpdates "HTTP/1.1 200 OK"
2026-08-10 12:37:51,527 - httpx - INFO - HTTP Request: POST https://api.telegram.org/bot8681983900:AAFIJgd9hZ5wZjrThFEXeJWdNEKWwcLHTKI/getUpdates "HTTP/1.1 200 OK"
2026-08-10 12:38:01,749 - httpx - INFO - HTTP Request: POST https://api.telegram.org/bot8681983900:AAFIJgd9hZ5wZjrThFEXeJWdNEKWwcLHTKI/getUpdates "HTTP/1.1 200 OK"
2026-08-10 12:38:11,950 - httpx - INFO - HTTP Request: POST https://api.telegram.org/bot8681983900:AAFIJgd9hZ5wZjrThFEXeJWdNEKWwcLHTKI/getUpdates "HTTP/1.1 200 OK"
2026-08-10 12:38:22,153 - httpx - INFO - HTTP Request: POST https://api.telegram.org/bot8681983900:AAFIJgd9hZ5wZjrThFEXeJWdNEKWwcLHTKI/getUpdates "HTTP/1.1 200 OK"
2026-08-10 12:38:32,358 - httpx - INFO - HTTP Request: POST https://api.telegram.org/bot8681983900:AAFIJgd9hZ5wZjrThFEXeJWdNEKWwcLHTKI/getUpdates "HTTP/1.1 200 OK"
2026-08-10 12:38:42,616 - httpx - INFO - HTTP Request: POST https://api.telegram.org/bot8681983900:AAFIJgd9hZ5wZjrThFEXeJWdNEKWwcLHTKI/getUpdates "HTTP/1.1 200 OK"
2026-08-10 12:38:52,819 - httpx - INFO - HTTP Request: POST https://api.telegram.org/bot8681983900:AAFIJgd9hZ5wZjrThFEXeJWdNEKWwcLHTKI/getUpdates "HTTP/1.1 200 OK"
2026-08-10 12:39:03,027 - httpx - INFO - HTTP Request: POST https://api.telegram.org/bot8681983900:AAFIJgd9hZ5wZjrThFEXeJWdNEKWwcLHTKI/getUpdates "HTTP/1.1 200 OK"
2026-08-10 12:39:13,230 - httpx - INFO - HTTP Request: POST https://api.telegram.org/bot8681983900:AAFIJgd9hZ5wZjrThFEXeJWdNEKWwcLHTKI/getUpdates "HTTP/1.1 200 OK"
2026-08-10 12:39:23,435 - httpx - INFO - HTTP Request: POST https://api.telegram.org/bot8681983900:AAFIJgd9hZ5wZjrThFEXeJWdNEKWwcLHTKI/getUpdates "HTTP/1.1 200 OK"
2026-08-10 12:39:33,640 - httpx - INFO - HTTP Request: POST https://api.telegram.org/bot8681983900:AAFIJgd9hZ5wZjrThFEXeJWdNEKWwcLHTKI/getUpdates "HTTP/1.1 200 OK"
2026-08-10 12:39:43,841 - httpx - INFO - HTTP Request: POST https://api.telegram.org/bot8681983900:AAFIJgd9hZ5wZjrThFEXeJWdNEKWwcLHTKI/getUpdates "HTTP/1.1 200 OK"
2026-08-10 12:39:54,059 - httpx - INFO - HTTP Request: POST https://api.telegram.org/bot8681983900:AAFIJgd9hZ5wZjrThFEXeJWdNEKWwcLHTKI/getUpdates "HTTP/1.1 200 OK"
2026-08-10 12:40:04,260 - httpx - INFO - HTTP Request: POST https://api.telegram.org/bot8681983900:AAFIJgd9hZ5wZjrThFEXeJWdNEKWwcLHTKI/getUpdates "HTTP/1.1 200 OK"
2026-08-10 12:40:14,468 - httpx - INFO - HTTP Request: POST https://api.telegram.org/bot8681983900:AAFIJgd9hZ5wZjrThFEXeJWdNEKWwcLHTKI/getUpdates "HTTP/1.1 200 OK"
2026-08-10 12:40:24,670 - httpx - INFO - HTTP Request: POST https://api.telegram.org/bot8681983900:AAFIJgd9hZ5wZjrThFEXeJWdNEKWwcLHTKI/getUpdates "HTTP/1.1 200 OK"
2026-08-10 12:40:34,880 - httpx - INFO - HTTP Request: POST https://api.telegram.org/bot8681983900:AAFIJgd9hZ5wZjrThFEXeJWdNEKWwcLHTKI/getUpdates "HTTP/1.1 200 OK"
2026-08-10 12:40:45,096 - httpx - INFO - HTTP Request: POST https://api.telegram.org/bot8681983900:AAFIJgd9hZ5wZjrThFEXeJWdNEKWwcLHTKI/getUpdates "HTTP/1.1 200 OK"
2026-08-10 12:40:55,296 - httpx - INFO - HTTP Request: POST https://api.telegram.org/bot8681983900:AAFIJgd9hZ5wZjrThFEXeJWdNEKWwcLHTKI/getUpdates "HTTP/1.1 200 OK"
2026-08-10 12:41:05,514 - httpx - INFO - HTTP Request: POST https://api.telegram.org/bot8681983900:AAFIJgd9hZ5wZjrThFEXeJWdNEKWwcLHTKI/getUpdates "HTTP/1.1 200 OK"
2026-08-10 12:41:16,048 - httpx - INFO - HTTP Request: POST https://api.telegram.org/bot8681983900:AAFIJgd9hZ5wZjrThFEXeJWdNEKWwcLHTKI/getUpdates "HTTP/1.1 200 OK"
2026-08-10 12:41:26,254 - httpx - INFO - HTTP Request: POST https://api.telegram.org/bot8681983900:AAFIJgd9hZ5wZjrThFEXeJWdNEKWwcLHTKI/getUpdates "HTTP/1.1 200 OK"
2026-08-10 12:41:36,461 - httpx - INFO - HTTP Request: POST https://api.telegram.org/bot8681983900:AAFIJgd9hZ5wZjrThFEXeJWdNEKWwcLHTKI/getUpdates "HTTP/1.1 200 OK"
2026-08-10 12:41:46,661 - httpx - INFO - HTTP Request: POST https://api.telegram.org/bot8681983900:AAFIJgd9hZ5wZjrThFEXeJWdNEKWwcLHTKI/getUpdates "HTTP/1.1 200 OK"
2026-08-10 12:41:56,895 - httpx - INFO - HTTP Request: POST https://api.telegram.org/bot8681983900:AAFIJgd9hZ5wZjrThFEXeJWdNEKWwcLHTKI/getUpdates "HTTP/1.1 200 OK"
2026-08-10 12:42:07,115 - httpx - INFO - HTTP Request: POST https://api.telegram.org/bot8681983900:AAFIJgd9hZ5wZjrThFEXeJWdNEKWwcLHTKI/getUpdates "HTTP/1.1 200 OK"
2026-08-10 12:42:17,317 - httpx - INFO - HTTP Request: POST https://api.telegram.org/bot8681983900:AAFIJgd9hZ5wZjrThFEXeJWdNEKWwcLHTKI/getUpdates "HTTP/1.1 200 OK"
2026-08-10 12:42:27,518 - httpx - INFO - HTTP Request: POST https://api.telegram.org/bot8681983900:AAFIJgd9hZ5wZjrThFEXeJWdNEKWwcLHTKI/getUpdates "HTTP/1.1 200 OK"
2026-08-10 12:42:37,757 - httpx - INFO - HTTP Request: POST https://api.telegram.org/bot8681983900:AAFIJgd9hZ5wZjrThFEXeJWdNEKWwcLHTKI/getUpdates "HTTP/1.1 200 OK"
2026-08-10 12:42:47,991 - httpx - INFO - HTTP Request: POST https://api.telegram.org/bot8681983900:AAFIJgd9hZ5wZjrThFEXeJWdNEKWwcLHTKI/getUpdates "HTTP/1.1 200 OK"
2026-08-10 12:42:58,468 - httpx - INFO - HTTP Request: POST https://api.telegram.org/bot8681983900:AAFIJgd9hZ5wZjrThFEXeJWdNEKWwcLHTKI/getUpdates "HTTP/1.1 200 OK"
2026-08-10 12:43:08,796 - httpx - INFO - HTTP Request: POST https://api.telegram.org/bot8681983900:AAFIJgd9hZ5wZjrThFEXeJWdNEKWwcLHTKI/getUpdates "HTTP/1.1 200 OK"
2026-08-10 12:43:19,071 - httpx - INFO - HTTP Request: POST https://api.telegram.org/bot8681983900:AAFIJgd9hZ5wZjrThFEXeJWdNEKWwcLHTKI/getUpdates "HTTP/1.1 200 OK"
2026-08-10 12:43:29,286 - httpx - INFO - HTTP Request: POST https://api.telegram.org/bot8681983900:AAFIJgd9hZ5wZjrThFEXeJWdNEKWwcLHTKI/getUpdates "HTTP/1.1 200 OK"
2026-08-10 12:43:39,494 - httpx - INFO - HTTP Request: POST https://api.telegram.org/bot8681983900:AAFIJgd9hZ5wZjrThFEXeJWdNEKWwcLHTKI/getUpdates "HTTP/1.1 200 OK"
2026-08-10 12:43:49,694 - httpx - INFO - HTTP Request: POST https://api.telegram.org/bot8681983900:AAFIJgd9hZ5wZjrThFEXeJWdNEKWwcLHTKI/getUpdates "HTTP/1.1 200 OK"
2026-08-10 12:43:59,894 - httpx - INFO - HTTP Request: POST https://api.telegram.org/bot8681983900:AAFIJgd9hZ5wZjrThFEXeJWdNEKWwcLHTKI/getUpdates "HTTP/1.1 200 OK"
2026-08-10 12:44:10,212 - httpx - INFO - HTTP Request: POST https://api.telegram.org/bot8681983900:AAFIJgd9hZ5wZjrThFEXeJWdNEKWwcLHTKI/getUpdates "HTTP/1.1 200 OK"
2026-08-10 12:44:20,412 - httpx - INFO - HTTP Request: POST https://api.telegram.org/bot8681983900:AAFIJgd9hZ5wZjrThFEXeJWdNEKWwcLHTKI/getUpdates "HTTP/1.1 200 OK"
2026-08-10 12:44:30,619 - httpx - INFO - HTTP Request: POST https://api.telegram.org/bot8681983900:AAFIJgd9hZ5wZjrThFEXeJWdNEKWwcLHTKI/getUpdates "HTTP/1.1 200 OK"
2026-08-10 12:44:40,820 - httpx - INFO - HTTP Request: POST https://api.telegram.org/bot8681983900:AAFIJgd9hZ5wZjrThFEXeJWdNEKWwcLHTKI/getUpdates "HTTP/1.1 200 OK"
2026-08-10 12:44:51,071 - httpx - INFO - HTTP Request: POST https://api.telegram.org/bot8681983900:AAFIJgd9hZ5wZjrThFEXeJWdNEKWwcLHTKI/getUpdates "HTTP/1.1 200 OK"
2026-08-10 12:45:01,274 - httpx - INFO - HTTP Request: POST https://api.telegram.org/bot8681983900:AAFIJgd9hZ5wZjrThFEXeJWdNEKWwcLHTKI/getUpdates "HTTP/1.1 200 OK"
2026-08-10 12:45:11,481 - httpx - INFO - HTTP Request: POST https://api.telegram.org/bot8681983900:AAFIJgd9hZ5wZjrThFEXeJWdNEKWwcLHTKI/getUpdates "HTTP/1.1 200 OK"
2026-08-10 12:45:21,679 - httpx - INFO - HTTP Request: POST https://api.telegram.org/bot8681983900:AAFIJgd9hZ5wZjrThFEXeJWdNEKWwcLHTKI/getUpdates "HTTP/1.1 200 OK"
2026-08-10 12:45:31,924 - httpx - INFO - HTTP Request: POST https://api.telegram.org/bot8681983900:AAFIJgd9hZ5wZjrThFEXeJWdNEKWwcLHTKI/getUpdates "HTTP/1.1 200 OK"
2026-08-10 12:45:42,130 - httpx - INFO - HTTP Request: POST https://api.telegram.org/bot8681983900:AAFIJgd9hZ5wZjrThFEXeJWdNEKWwcLHTKI/getUpdates "HTTP/1.1 200 OK"
2026-08-10 12:45:52,337 - httpx - INFO - HTTP Request: POST https://api.telegram.org/bot8681983900:AAFIJgd9hZ5wZjrThFEXeJWdNEKWwcLHTKI/getUpdates "HTTP/1.1 200 OK"
2026-08-10 12:46:02,538 - httpx - INFO - HTTP Request: POST https://api.telegram.org/bot8681983900:AAFIJgd9hZ5wZjrThFEXeJWdNEKWwcLHTKI/getUpdates "HTTP/1.1 200 OK"
2026-08-10 12:46:12,782 - httpx - INFO - HTTP Request: POST https://api.telegram.org/bot8681983900:AAFIJgd9hZ5wZjrThFEXeJWdNEKWwcLHTKI/getUpdates "HTTP/1.1 200 OK"
2026-08-10 12:46:22,993 - httpx - INFO - HTTP Request: POST https://api.telegram.org/bot8681983900:AAFIJgd9hZ5wZjrThFEXeJWdNEKWwcLHTKI/getUpdates "HTTP/1.1 200 OK"
2026-08-10 12:46:33,204 - httpx - INFO - HTTP Request: POST https://api.telegram.org/bot8681983900:AAFIJgd9hZ5wZjrThFEXeJWdNEKWwcLHTKI/getUpdates "HTTP/1.1 200 OK"
2026-08-10 12:46:43,498 - httpx - INFO - HTTP Request: POST https://api.telegram.org/bot8681983900:AAFIJgd9hZ5wZjrThFEXeJWdNEKWwcLHTKI/getUpdates "HTTP/1.1 200 OK"
2026-08-10 12:46:53,700 - httpx - INFO - HTTP Request: POST https://api.telegram.org/bot8681983900:AAFIJgd9hZ5wZjrThFEXeJWdNEKWwcLHTKI/getUpdates "HTTP/1.1 200 OK"
2026-08-10 12:47:03,903 - httpx - INFO - HTTP Request: POST https://api.telegram.org/bot8681983900:AAFIJgd9hZ5wZjrThFEXeJWdNEKWwcLHTKI/getUpdates "HTTP/1.1 200 OK"
2026-08-10 12:47:14,108 - httpx - INFO - HTTP Request: POST https://api.telegram.org/bot8681983900:AAFIJgd9hZ5wZjrThFEXeJWdNEKWwcLHTKI/getUpdates "HTTP/1.1 200 OK"
2026-08-10 12:47:24,314 - httpx - INFO - HTTP Request: POST https://api.telegram.org/bot8681983900:AAFIJgd9hZ5wZjrThFEXeJWdNEKWwcLHTKI/getUpdates "HTTP/1.1 200 OK"
2026-08-10 12:47:34,520 - httpx - INFO - HTTP Request: POST https://api.telegram.org/bot8681983900:AAFIJgd9hZ5wZjrThFEXeJWdNEKWwcLHTKI/getUpdates "HTTP/1.1 200 OK"
2026-08-10 12:47:45,476 - httpx - INFO - HTTP Request: POST https://api.telegram.org/bot8681983900:AAFIJgd9hZ5wZjrThFEXeJWdNEKWwcLHTKI/getUpdates "HTTP/1.1 200 OK"
2026-08-10 12:47:55,705 - httpx - INFO - HTTP Request: POST https://api.telegram.org/bot8681983900:AAFIJgd9hZ5wZjrThFEXeJWdNEKWwcLHTKI/getUpdates "HTTP/1.1 200 OK"
2026-08-10 12:48:05,905 - httpx - INFO - HTTP Request: POST https://api.telegram.org/bot8681983900:AAFIJgd9hZ5wZjrThFEXeJWdNEKWwcLHTKI/getUpdates "HTTP/1.1 200 OK"
2026-08-10 12:48:16,110 - httpx - INFO - HTTP Request: POST https://api.telegram.org/bot8681983900:AAFIJgd9hZ5wZjrThFEXeJWdNEKWwcLHTKI/getUpdates "HTTP/1.1 200 OK"
2026-08-10 12:48:26,308 - httpx - INFO - HTTP Request: POST https://api.telegram.org/bot8681983900:AAFIJgd9hZ5wZjrThFEXeJWdNEKWwcLHTKI/getUpdates "HTTP/1.1 200 OK"
2026-08-10 12:48:36,556 - httpx - INFO - HTTP Request: POST https://api.telegram.org/bot8681983900:AAFIJgd9hZ5wZjrThFEXeJWdNEKWwcLHTKI/getUpdates "HTTP/1.1 200 OK"
2026-08-10 12:48:46,761 - httpx - INFO - HTTP Request: POST https://api.telegram.org/bot8681983900:AAFIJgd9hZ5wZjrThFEXeJWdNEKWwcLHTKI/getUpdates "HTTP/1.1 200 OK"
2026-08-10 12:48:56,967 - httpx - INFO - HTTP Request: POST https://api.telegram.org/bot8681983900:AAFIJgd9hZ5wZjrThFEXeJWdNEKWwcLHTKI/getUpdates "HTTP/1.1 200 OK"
2026-08-10 12:49:07,171 - httpx - INFO - HTTP Request: POST https://api.telegram.org/bot8681983900:AAFIJgd9hZ5wZjrThFEXeJWdNEKWwcLHTKI/getUpdates "HTTP/1.1 200 OK"
2026-08-10 12:49:17,382 - httpx - INFO - HTTP Request: POST https://api.telegram.org/bot8681983900:AAFIJgd9hZ5wZjrThFEXeJWdNEKWwcLHTKI/getUpdates "HTTP/1.1 200 OK"
2026-08-10 12:49:27,585 - httpx - INFO - HTTP Request: POST https://api.telegram.org/bot8681983900:AAFIJgd9hZ5wZjrThFEXeJWdNEKWwcLHTKI/getUpdates "HTTP/1.1 200 OK"
2026-08-10 12:49:37,788 - httpx - INFO - HTTP Request: POST https://api.telegram.org/bot8681983900:AAFIJgd9hZ5wZjrThFEXeJWdNEKWwcLHTKI/getUpdates "HTTP/1.1 200 OK"
2026-08-10 12:49:47,990 - httpx - INFO - HTTP Request: POST https://api.telegram.org/bot8681983900:AAFIJgd9hZ5wZjrThFEXeJWdNEKWwcLHTKI/getUpdates "HTTP/1.1 200 OK"
2026-08-10 12:49:58,190 - httpx - INFO - HTTP Request: POST https://api.telegram.org/bot8681983900:AAFIJgd9hZ5wZjrThFEXeJWdNEKWwcLHTKI/getUpdates "HTTP/1.1 200 OK"
2026-08-10 12:50:08,396 - httpx - INFO - HTTP Request: POST https://api.telegram.org/bot8681983900:AAFIJgd9hZ5wZjrThFEXeJWdNEKWwcLHTKI/getUpdates "HTTP/1.1 200 OK"
2026-08-10 12:50:18,597 - httpx - INFO - HTTP Request: POST https://api.telegram.org/bot8681983900:AAFIJgd9hZ5wZjrThFEXeJWdNEKWwcLHTKI/getUpdates "HTTP/1.1 200 OK"
2026-08-10 12:50:28,800 - httpx - INFO - HTTP Request: POST https://api.telegram.org/bot8681983900:AAFIJgd9hZ5wZjrThFEXeJWdNEKWwcLHTKI/getUpdates "HTTP/1.1 200 OK"
2026-08-10 12:50:39,004 - httpx - INFO - HTTP Request: POST https://api.telegram.org/bot8681983900:AAFIJgd9hZ5wZjrThFEXeJWdNEKWwcLHTKI/getUpdates "HTTP/1.1 200 OK"
2026-08-10 12:50:49,204 - httpx - INFO - HTTP Request: POST https://api.telegram.org/bot8681983900:AAFIJgd9hZ5wZjrThFEXeJWdNEKWwcLHTKI/getUpdates "HTTP/1.1 200 OK"
2026-08-10 12:50:59,411 - httpx - INFO - HTTP Request: POST https://api.telegram.org/bot8681983900:AAFIJgd9hZ5wZjrThFEXeJWdNEKWwcLHTKI/getUpdates "HTTP/1.1 200 OK"
2026-08-10 12:51:09,621 - httpx - INFO - HTTP Request: POST https://api.telegram.org/bot8681983900:AAFIJgd9hZ5wZjrThFEXeJWdNEKWwcLHTKI/getUpdates "HTTP/1.1 200 OK"
2026-08-10 12:51:19,887 - httpx - INFO - HTTP Request: POST https://api.telegram.org/bot8681983900:AAFIJgd9hZ5wZjrThFEXeJWdNEKWwcLHTKI/getUpdates "HTTP/1.1 200 OK"
2026-08-10 12:51:30,094 - httpx - INFO - HTTP Request: POST https://api.telegram.org/bot8681983900:AAFIJgd9hZ5wZjrThFEXeJWdNEKWwcLHTKI/getUpdates "HTTP/1.1 200 OK"
2026-08-10 12:51:40,294 - httpx - INFO - HTTP Request: POST https://api.telegram.org/bot8681983900:AAFIJgd9hZ5wZjrThFEXeJWdNEKWwcLHTKI/getUpdates "HTTP/1.1 200 OK"
2026-08-10 12:51:50,495 - httpx - INFO - HTTP Request: POST https://api.telegram.org/bot8681983900:AAFIJgd9hZ5wZjrThFEXeJWdNEKWwcLHTKI/getUpdates "HTTP/1.1 200 OK"
2026-08-10 12:52:00,697 - httpx - INFO - HTTP Request: POST https://api.telegram.org/bot8681983900:AAFIJgd9hZ5wZjrThFEXeJWdNEKWwcLHTKI/getUpdates "HTTP/1.1 200 OK"
2026-08-10 12:52:10,903 - httpx - INFO - HTTP Request: POST https://api.telegram.org/bot8681983900:AAFIJgd9hZ5wZjrThFEXeJWdNEKWwcLHTKI/getUpdates "HTTP/1.1 200 OK"
2026-08-10 12:52:21,126 - httpx - INFO - HTTP Request: POST https://api.telegram.org/bot8681983900:AAFIJgd9hZ5wZjrThFEXeJWdNEKWwcLHTKI/getUpdates "HTTP/1.1 200 OK"
2026-08-10 12:52:31,325 - httpx - INFO - HTTP Request: POST https://api.telegram.org/bot8681983900:AAFIJgd9hZ5wZjrThFEXeJWdNEKWwcLHTKI/getUpdates "HTTP/1.1 200 OK"
2026-08-10 12:52:41,523 - httpx - INFO - HTTP Request: POST https://api.telegram.org/bot8681983900:AAFIJgd9hZ5wZjrThFEXeJWdNEKWwcLHTKI/getUpdates "HTTP/1.1 200 OK"
2026-08-10 12:52:51,727 - httpx - INFO - HTTP Request: POST https://api.telegram.org/bot8681983900:AAFIJgd9hZ5wZjrThFEXeJWdNEKWwcLHTKI/getUpdates "HTTP/1.1 200 OK"
2026-08-10 12:53:01,948 - httpx - INFO - HTTP Request: POST https://api.telegram.org/bot8681983900:AAFIJgd9hZ5wZjrThFEXeJWdNEKWwcLHTKI/getUpdates "HTTP/1.1 200 OK"
2026-08-10 12:53:12,146 - httpx - INFO - HTTP Request: POST https://api.telegram.org/bot8681983900:AAFIJgd9hZ5wZjrThFEXeJWdNEKWwcLHTKI/getUpdates "HTTP/1.1 200 OK"
2026-08-10 12:53:22,409 - httpx - INFO - HTTP Request: POST https://api.telegram.org/bot8681983900:AAFIJgd9hZ5wZjrThFEXeJWdNEKWwcLHTKI/getUpdates "HTTP/1.1 200 OK"
2026-08-10 12:53:32,673 - httpx - INFO - HTTP Request: POST https://api.telegram.org/bot8681983900:AAFIJgd9hZ5wZjrThFEXeJWdNEKWwcLHTKI/getUpdates "HTTP/1.1 200 OK"
2026-08-10 12:53:42,878 - httpx - INFO - HTTP Request: POST https://api.telegram.org/bot8681983900:AAFIJgd9hZ5wZjrThFEXeJWdNEKWwcLHTKI/getUpdates "HTTP/1.1 200 OK"
2026-08-10 12:53:53,082 - httpx - INFO - HTTP Request: POST https://api.telegram.org/bot8681983900:AAFIJgd9hZ5wZjrThFEXeJWdNEKWwcLHTKI/getUpdates "HTTP/1.1 200 OK"
2026-08-10 12:54:03,288 - httpx - INFO - HTTP Request: POST https://api.telegram.org/bot8681983900:AAFIJgd9hZ5wZjrThFEXeJWdNEKWwcLHTKI/getUpdates "HTTP/1.1 200 OK"
2026-08-10 12:54:13,492 - httpx - INFO - HTTP Request: POST https://api.telegram.org/bot8681983900:AAFIJgd9hZ5wZjrThFEXeJWdNEKWwcLHTKI/getUpdates "HTTP/1.1 200 OK"
2026-08-10 12:54:23,696 - httpx - INFO - HTTP Request: POST https://api.telegram.org/bot8681983900:AAFIJgd9hZ5wZjrThFEXeJWdNEKWwcLHTKI/getUpdates "HTTP/1.1 200 OK"
2026-08-10 12:54:33,916 - httpx - INFO - HTTP Request: POST https://api.telegram.org/bot8681983900:AAFIJgd9hZ5wZjrThFEXeJWdNEKWwcLHTKI/getUpdates "HTTP/1.1 200 OK"
2026-08-10 12:54:44,213 - httpx - INFO - HTTP Request: POST https://api.telegram.org/bot8681983900:AAFIJgd9hZ5wZjrThFEXeJWdNEKWwcLHTKI/getUpdates "HTTP/1.1 200 OK"
2026-08-10 12:54:54,418 - httpx - INFO - HTTP Request: POST https://api.telegram.org/bot8681983900:AAFIJgd9hZ5wZjrThFEXeJWdNEKWwcLHTKI/getUpdates "HTTP/1.1 200 OK"
2026-08-10 12:55:05,188 - httpx - INFO - HTTP Request: POST https://api.telegram.org/bot8681983900:AAFIJgd9hZ5wZjrThFEXeJWdNEKWwcLHTKI/getUpdates "HTTP/1.1 200 OK"
2026-08-10 12:55:15,392 - httpx - INFO - HTTP Request: POST https://api.telegram.org/bot8681983900:AAFIJgd9hZ5wZjrThFEXeJWdNEKWwcLHTKI/getUpdates "HTTP/1.1 200 OK"
2026-08-10 12:55:25,599 - httpx - INFO - HTTP Request: POST https://api.telegram.org/bot8681983900:AAFIJgd9hZ5wZjrThFEXeJWdNEKWwcLHTKI/getUpdates "HTTP/1.1 200 OK"
2026-08-10 12:55:35,896 - httpx - INFO - HTTP Request: POST https://api.telegram.org/bot8681983900:AAFIJgd9hZ5wZjrThFEXeJWdNEKWwcLHTKI/getUpdates "HTTP/1.1 200 OK"
2026-08-10 12:55:46,095 - httpx - INFO - HTTP Request: POST https://api.telegram.org/bot8681983900:AAFIJgd9hZ5wZjrThFEXeJWdNEKWwcLHTKI/getUpdates "HTTP/1.1 200 OK"
2026-08-10 12:55:56,311 - httpx - INFO - HTTP Request: POST https://api.telegram.org/bot8681983900:AAFIJgd9hZ5wZjrThFEXeJWdNEKWwcLHTKI/getUpdates "HTTP/1.1 200 OK"
2026-08-10 12:56:06,521 - httpx - INFO - HTTP Request: POST https://api.telegram.org/bot8681983900:AAFIJgd9hZ5wZjrThFEXeJWdNEKWwcLHTKI/getUpdates "HTTP/1.1 200 OK"
2026-08-10 12:56:16,736 - httpx - INFO - HTTP Request: POST https://api.telegram.org/bot8681983900:AAFIJgd9hZ5wZjrThFEXeJWdNEKWwcLHTKI/getUpdates "HTTP/1.1 200 OK"
2026-08-10 12:56:26,945 - httpx - INFO - HTTP Request: POST https://api.telegram.org/bot8681983900:AAFIJgd9hZ5wZjrThFEXeJWdNEKWwcLHTKI/getUpdates "HTTP/1.1 200 OK"
2026-08-10 12:56:37,154 - httpx - INFO - HTTP Request: POST https://api.telegram.org/bot8681983900:AAFIJgd9hZ5wZjrThFEXeJWdNEKWwcLHTKI/getUpdates "HTTP/1.1 200 OK"
2026-08-10 12:56:47,361 - httpx - INFO - HTTP Request: POST https://api.telegram.org/bot8681983900:AAFIJgd9hZ5wZjrThFEXeJWdNEKWwcLHTKI/getUpdates "HTTP/1.1 200 OK"
2026-08-10 12:56:57,562 - httpx - INFO - HTTP Request: POST https://api.telegram.org/bot8681983900:AAFIJgd9hZ5wZjrThFEXeJWdNEKWwcLHTKI/getUpdates "HTTP/1.1 200 OK"
2026-08-10 12:57:07,766 - httpx - INFO - HTTP Request: POST https://api.telegram.org/bot8681983900:AAFIJgd9hZ5wZjrThFEXeJWdNEKWwcLHTKI/getUpdates "HTTP/1.1 200 OK"
2026-08-10 12:57:17,977 - httpx - INFO - HTTP Request: POST https://api.telegram.org/bot8681983900:AAFIJgd9hZ5wZjrThFEXeJWdNEKWwcLHTKI/getUpdates "HTTP/1.1 200 OK"
2026-08-10 12:57:28,186 - httpx - INFO - HTTP Request: POST https://api.telegram.org/bot8681983900:AAFIJgd9hZ5wZjrThFEXeJWdNEKWwcLHTKI/getUpdates "HTTP/1.1 200 OK"
2026-08-10 12:57:38,385 - httpx - INFO - HTTP Request: POST https://api.telegram.org/bot8681983900:AAFIJgd9hZ5wZjrThFEXeJWdNEKWwcLHTKI/getUpdates "HTTP/1.1 200 OK"
2026-08-10 12:57:48,595 - httpx - INFO - HTTP Request: POST https://api.telegram.org/bot8681983900:AAFIJgd9hZ5wZjrThFEXeJWdNEKWwcLHTKI/getUpdates "HTTP/1.1 200 OK"
2026-08-10 12:57:58,867 - httpx - INFO - HTTP Request: POST https://api.telegram.org/bot8681983900:AAFIJgd9hZ5wZjrThFEXeJWdNEKWwcLHTKI/getUpdates "HTTP/1.1 200 OK"
2026-08-10 12:58:09,074 - httpx - INFO - HTTP Request: POST https://api.telegram.org/bot8681983900:AAFIJgd9hZ5wZjrThFEXeJWdNEKWwcLHTKI/getUpdates "HTTP/1.1 200 OK"
2026-08-10 12:58:19,288 - httpx - INFO - HTTP Request: POST https://api.telegram.org/bot8681983900:AAFIJgd9hZ5wZjrThFEXeJWdNEKWwcLHTKI/getUpdates "HTTP/1.1 200 OK"
2026-08-10 12:58:29,493 - httpx - INFO - HTTP Request: POST https://api.telegram.org/bot8681983900:AAFIJgd9hZ5wZjrThFEXeJWdNEKWwcLHTKI/getUpdates "HTTP/1.1 200 OK"
2026-08-10 12:58:39,697 - httpx - INFO - HTTP Request: POST https://api.telegram.org/bot8681983900:AAFIJgd9hZ5wZjrThFEXeJWdNEKWwcLHTKI/getUpdates "HTTP/1.1 200 OK"
2026-08-10 12:58:49,901 - httpx - INFO - HTTP Request: POST https://api.telegram.org/bot8681983900:AAFIJgd9hZ5wZjrThFEXeJWdNEKWwcLHTKI/getUpdates "HTTP/1.1 200 OK"
2026-08-10 12:59:00,104 - httpx - INFO - HTTP Request: POST https://api.telegram.org/bot8681983900:AAFIJgd9hZ5wZjrThFEXeJWdNEKWwcLHTKI/getUpdates "HTTP/1.1 200 OK"
2026-08-10 12:59:10,319 - httpx - INFO - HTTP Request: POST https://api.telegram.org/bot8681983900:AAFIJgd9hZ5wZjrThFEXeJWdNEKWwcLHTKI/getUpdates "HTTP/1.1 200 OK"
2026-08-10 12:59:20,522 - httpx - INFO - HTTP Request: POST https://api.telegram.org/bot8681983900:AAFIJgd9hZ5wZjrThFEXeJWdNEKWwcLHTKI/getUpdates "HTTP/1.1 200 OK"
2026-08-10 12:59:30,792 - httpx - INFO - HTTP Request: POST https://api.telegram.org/bot8681983900:AAFIJgd9hZ5wZjrThFEXeJWdNEKWwcLHTKI/getUpdates "HTTP/1.1 200 OK"
2026-08-10 12:59:41,004 - httpx - INFO - HTTP Request: POST https://api.telegram.org/bot8681983900:AAFIJgd9hZ5wZjrThFEXeJWdNEKWwcLHTKI/getUpdates "HTTP/1.1 200 OK"
2026-08-10 12:59:51,209 - httpx - INFO - HTTP Request: POST https://api.telegram.org/bot8681983900:AAFIJgd9hZ5wZjrThFEXeJWdNEKWwcLHTKI/getUpdates "HTTP/1.1 200 OK"
2026-08-10 13:00:01,451 - httpx - INFO - HTTP Request: POST https://api.telegram.org/bot8681983900:AAFIJgd9hZ5wZjrThFEXeJWdNEKWwcLHTKI/getUpdates "HTTP/1.1 200 OK"
2026-08-10 13:00:11,659 - httpx - INFO - HTTP Request: POST https://api.telegram.org/bot8681983900:AAFIJgd9hZ5wZjrThFEXeJWdNEKWwcLHTKI/getUpdates "HTTP/1.1 200 OK"
2026-08-10 13:00:21,872 - httpx - INFO - HTTP Request: POST https://api.telegram.org/bot8681983900:AAFIJgd9hZ5wZjrThFEXeJWdNEKWwcLHTKI/getUpdates "HTTP/1.1 200 OK"
2026-08-10 13:00:32,079 - httpx - INFO - HTTP Request: POST https://api.telegram.org/bot8681983900:AAFIJgd9hZ5wZjrThFEXeJWdNEKWwcLHTKI/getUpdates "HTTP/1.1 200 OK"
2026-08-10 13:00:42,286 - httpx - INFO - HTTP Request: POST https://api.telegram.org/bot8681983900:AAFIJgd9hZ5wZjrThFEXeJWdNEKWwcLHTKI/getUpdates "HTTP/1.1 200 OK"
2026-08-10 13:00:52,503 - httpx - INFO - HTTP Request: POST https://api.telegram.org/bot8681983900:AAFIJgd9hZ5wZjrThFEXeJWdNEKWwcLHTKI/getUpdates "HTTP/1.1 200 OK"
2026-08-10 13:01:02,741 - httpx - INFO - HTTP Request: POST https://api.telegram.org/bot8681983900:AAFIJgd9hZ5wZjrThFEXeJWdNEKWwcLHTKI/getUpdates "HTTP/1.1 200 OK"
2026-08-10 13:01:12,943 - httpx - INFO - HTTP Request: POST https://api.telegram.org/bot8681983900:AAFIJgd9hZ5wZjrThFEXeJWdNEKWwcLHTKI/getUpdates "HTTP/1.1 200 OK"
2026-08-10 13:01:23,155 - httpx - INFO - HTTP Request: POST https://api.telegram.org/bot8681983900:AAFIJgd9hZ5wZjrThFEXeJWdNEKWwcLHTKI/getUpdates "HTTP/1.1 200 OK"
2026-08-10 13:01:33,360 - httpx - INFO - HTTP Request: POST https://api.telegram.org/bot8681983900:AAFIJgd9hZ5wZjrThFEXeJWdNEKWwcLHTKI/getUpdates "HTTP/1.1 200 OK"
2026-08-10 13:01:43,563 - httpx - INFO - HTTP Request: POST https://api.telegram.org/bot8681983900:AAFIJgd9hZ5wZjrThFEXeJWdNEKWwcLHTKI/getUpdates "HTTP/1.1 200 OK"
2026-08-10 13:01:53,782 - httpx - INFO - HTTP Request: POST https://api.telegram.org/bot8681983900:AAFIJgd9hZ5wZjrThFEXeJWdNEKWwcLHTKI/getUpdates "HTTP/1.1 200 OK"
2026-08-10 13:02:03,985 - httpx - INFO - HTTP Request: POST https://api.telegram.org/bot8681983900:AAFIJgd9hZ5wZjrThFEXeJWdNEKWwcLHTKI/getUpdates "HTTP/1.1 200 OK"
2026-08-10 13:02:14,193 - httpx - INFO - HTTP Request: POST https://api.telegram.org/bot8681983900:AAFIJgd9hZ5wZjrThFEXeJWdNEKWwcLHTKI/getUpdates "HTTP/1.1 200 OK"
2026-08-10 13:02:24,554 - httpx - INFO - HTTP Request: POST https://api.telegram.org/bot8681983900:AAFIJgd9hZ5wZjrThFEXeJWdNEKWwcLHTKI/getUpdates "HTTP/1.1 200 OK"
2026-08-10 13:02:34,774 - httpx - INFO - HTTP Request: POST https://api.telegram.org/bot8681983900:AAFIJgd9hZ5wZjrThFEXeJWdNEKWwcLHTKI/getUpdates "HTTP/1.1 200 OK"
2026-08-10 13:02:44,980 - httpx - INFO - HTTP Request: POST https://api.telegram.org/bot8681983900:AAFIJgd9hZ5wZjrThFEXeJWdNEKWwcLHTKI/getUpdates "HTTP/1.1 200 OK"
2026-08-10 13:02:55,184 - httpx - INFO - HTTP Request: POST https://api.telegram.org/bot8681983900:AAFIJgd9hZ5wZjrThFEXeJWdNEKWwcLHTKI/getUpdates "HTTP/1.1 200 OK"
2026-08-10 13:03:05,382 - httpx - INFO - HTTP Request: POST https://api.telegram.org/bot8681983900:AAFIJgd9hZ5wZjrThFEXeJWdNEKWwcLHTKI/getUpdates "HTTP/1.1 200 OK"
2026-08-10 13:03:15,582 - httpx - INFO - HTTP Request: POST https://api.telegram.org/bot8681983900:AAFIJgd9hZ5wZjrThFEXeJWdNEKWwcLHTKI/getUpdates "HTTP/1.1 200 OK"
2026-08-10 13:03:25,784 - httpx - INFO - HTTP Request: POST https://api.telegram.org/bot8681983900:AAFIJgd9hZ5wZjrThFEXeJWdNEKWwcLHTKI/getUpdates "HTTP/1.1 200 OK"
2026-08-10 13:03:35,988 - httpx - INFO - HTTP Request: POST https://api.telegram.org/bot8681983900:AAFIJgd9hZ5wZjrThFEXeJWdNEKWwcLHTKI/getUpdates "HTTP/1.1 200 OK"
2026-08-10 13:03:46,207 - httpx - INFO - HTTP Request: POST https://api.telegram.org/bot8681983900:AAFIJgd9hZ5wZjrThFEXeJWdNEKWwcLHTKI/getUpdates "HTTP/1.1 200 OK"
2026-08-10 13:03:56,660 - httpx - INFO - HTTP Request: POST https://api.telegram.org/bot8681983900:AAFIJgd9hZ5wZjrThFEXeJWdNEKWwcLHTKI/getUpdates "HTTP/1.1 200 OK"
2026-08-10 13:04:06,877 - httpx - INFO - HTTP Request: POST https://api.telegram.org/bot8681983900:AAFIJgd9hZ5wZjrThFEXeJWdNEKWwcLHTKI/getUpdates "HTTP/1.1 200 OK"
2026-08-10 13:04:17,518 - httpx - INFO - HTTP Request: POST https://api.telegram.org/bot8681983900:AAFIJgd9hZ5wZjrThFEXeJWdNEKWwcLHTKI/getUpdates "HTTP/1.1 200 OK"
2026-08-10 13:04:27,718 - httpx - INFO - HTTP Request: POST https://api.telegram.org/bot8681983900:AAFIJgd9hZ5wZjrThFEXeJWdNEKWwcLHTKI/getUpdates "HTTP/1.1 200 OK"
2026-08-10 13:04:37,921 - httpx - INFO - HTTP Request: POST https://api.telegram.org/bot8681983900:AAFIJgd9hZ5wZjrThFEXeJWdNEKWwcLHTKI/getUpdates "HTTP/1.1 200 OK"
2026-08-10 13:04:48,162 - httpx - INFO - HTTP Request: POST https://api.telegram.org/bot8681983900:AAFIJgd9hZ5wZjrThFEXeJWdNEKWwcLHTKI/getUpdates "HTTP/1.1 200 OK"
2026-08-10 13:04:58,370 - httpx - INFO - HTTP Request: POST https://api.telegram.org/bot8681983900:AAFIJgd9hZ5wZjrThFEXeJWdNEKWwcLHTKI/getUpdates "HTTP/1.1 200 OK"
2026-08-10 13:05:08,567 - httpx - INFO - HTTP Request: POST https://api.telegram.org/bot8681983900:AAFIJgd9hZ5wZjrThFEXeJWdNEKWwcLHTKI/getUpdates "HTTP/1.1 200 OK"
2026-08-10 13:05:18,772 - httpx - INFO - HTTP Request: POST https://api.telegram.org/bot8681983900:AAFIJgd9hZ5wZjrThFEXeJWdNEKWwcLHTKI/getUpdates "HTTP/1.1 200 OK"
2026-08-10 13:05:29,074 - httpx - INFO - HTTP Request: POST https://api.telegram.org/bot8681983900:AAFIJgd9hZ5wZjrThFEXeJWdNEKWwcLHTKI/getUpdates "HTTP/1.1 200 OK"
2026-08-10 13:05:39,271 - httpx - INFO - HTTP Request: POST https://api.telegram.org/bot8681983900:AAFIJgd9hZ5wZjrThFEXeJWdNEKWwcLHTKI/getUpdates "HTTP/1.1 200 OK"
2026-08-10 13:05:49,473 - httpx - INFO - HTTP Request: POST https://api.telegram.org/bot8681983900:AAFIJgd9hZ5wZjrThFEXeJWdNEKWwcLHTKI/getUpdates "HTTP/1.1 200 OK"
2026-08-10 13:05:59,700 - httpx - INFO - HTTP Request: POST https://api.telegram.org/bot8681983900:AAFIJgd9hZ5wZjrThFEXeJWdNEKWwcLHTKI/getUpdates "HTTP/1.1 200 OK"
2026-08-10 13:06:09,983 - httpx - INFO - HTTP Request: POST https://api.telegram.org/bot8681983900:AAFIJgd9hZ5wZjrThFEXeJWdNEKWwcLHTKI/getUpdates "HTTP/1.1 200 OK"
